// Jest Snapshot v1, https://goo.gl/fbAQLP

exports[`textaction.scpl (test 0): inverted shortcut 1`] = `"Text \\"my text\\""`;

exports[`textaction.scpl (test 0): shortcut data 1`] = `
Array [
  Object {
    "WFWorkflowActions": Array [
      Object {
        "SCPLData": Object {
          "Position": Object {
            "end": Array [
              1,
              14,
            ],
            "start": Array [
              1,
              1,
            ],
          },
        },
        "WFWorkflowActionIdentifier": "is.workflow.actions.gettext",
        "WFWorkflowActionParameters": Object {
          "WFTextActionText": "my text",
        },
      },
    ],
    "WFWorkflowClientRelese": "2.1.2",
    "WFWorkflowClientVersion": "754",
    "WFWorkflowIcon": Object {
      "WFWorkflowIconGlyphNumber": 59511,
      "WFWorkflowIconImageData": Object {
        "data": Array [],
        "type": "Buffer",
      },
      "WFWorkflowIconStartColor": 2071128575,
    },
    "WFWorkflowInputContentItemClasses": Array [
      "WFAppStoreAppContentItem",
      "WFArticleContentItem",
      "WFContactContentItem",
      "WFDateContentItem",
      "WFEmailAddressContentItem",
      "WFGenericFileContentItem",
      "WFImageContentItem",
      "WFiTunesProductContentItem",
      "WFLocationContentItem",
      "WFDCMapsLinkContentItem",
      "WFAVAssetContentItem",
      "WFPDFContentItem",
      "WFPhoneNumberContentItem",
      "WFRichTextContentItem",
      "WFSafariWebPageContentItem",
      "WFStringContentItem",
      "WFURLContentItem",
    ],
    "WFWorkflowMinimumClientVersion": 411,
    "WFWorkflowTypes": Array [
      "NCWidget",
      "WatchKit",
    ],
  },
]
`;

exports[`textaction.scpl (test 0): warnings 1`] = `Array []`;
